[2025-09-02 19:49:16] [INFO] [::1] Application initialized
[2025-09-02 23:19:16] [INFO] [::1] base usr is in header: http://localhost/web_page/
[2025-09-02 19:49:19] [INFO] [::1] Application initialized
[2025-09-02 23:19:19] [INFO] [::1] base usr is in header: http://localhost/web_page/
[2025-09-02 19:49:29] [INFO] [::1] Application initialized
[2025-09-02 23:19:29] [INFO] [::1] base usr is in header: http://localhost/web_page/
[2025-09-02 23:19:29] [INFO] [::1] Upload directory: C:/xampp/htdocs/uploads/profiles/
[2025-09-02 23:19:29] [INFO] [::1] Upload directory does not exist: 
[2025-09-02 19:53:51] [INFO] [::1] Application initialized
[2025-09-02 23:23:51] [INFO] [::1] base usr is in header: http://localhost/web_page/
[2025-09-02 19:53:51] [INFO] [::1] Application initialized
[2025-09-02 23:23:51] [INFO] [::1] base usr is in header: http://localhost/web_page/
[2025-09-02 19:55:22] [INFO] [::1] Application initialized
[2025-09-02 23:25:22] [INFO] [::1] base usr is in header: http://localhost/web_page/
[2025-09-02 20:01:34] [INFO] [::1] Application initialized
[2025-09-02 23:31:34] [INFO] [::1] base usr is in header: http://localhost/web_page/
[2025-09-02 20:02:39] [INFO] [::1] Application initialized
[2025-09-02 23:32:39] [INFO] [::1] base usr is in header: http://localhost/web_page/
[2025-09-02 20:03:47] [INFO] [::1] Application initialized
[2025-09-02 23:33:47] [INFO] [::1] base usr is in header: http://localhost/web_page/
[2025-09-02 20:03:59] [INFO] [::1] Application initialized
[2025-09-02 23:33:59] [INFO] [::1] base usr is in header: http://localhost/web_page/
[2025-09-02 20:09:16] [INFO] [::1] Application initialized
[2025-09-02 23:39:16] [INFO] [::1] base usr is in header: http://localhost/web_page/
[2025-09-02 20:09:16] [INFO] [::1] Application initialized
[2025-09-02 23:39:16] [INFO] [::1] base usr is in header: http://localhost/web_page/
[2025-09-02 20:09:34] [INFO] [::1] Application initialized
[2025-09-02 23:39:34] [INFO] [::1] base usr is in header: http://localhost/web_page/
[2025-09-03 07:41:30] [INFO] [::1] Application initialized
[2025-09-03 11:11:30] [INFO] [::1] base usr is in header: http://localhost/web_page/
[2025-09-03 07:41:57] [INFO] [::1] Application initialized
[2025-09-03 11:11:57] [INFO] [::1] base usr is in header: http://localhost/web_page/
[2025-09-03 07:41:57] [INFO] [::1] Application initialized
[2025-09-03 11:11:57] [INFO] [::1] base usr is in header: http://localhost/web_page/
[2025-09-03 07:42:06] [INFO] [::1] Application initialized
[2025-09-03 11:12:06] [INFO] [::1] base usr is in header: http://localhost/web_page/
[2025-09-03 07:46:42] [INFO] [::1] Application initialized
[2025-09-03 11:16:42] [INFO] [::1] base usr is in header: http://localhost/web_page/
[2025-09-03 07:50:54] [INFO] [::1] Application initialized
[2025-09-03 11:20:54] [INFO] [::1] base usr is in header: http://localhost/web_page/
[2025-09-03 07:50:54] [INFO] [::1] Application initialized
[2025-09-03 11:20:54] [INFO] [::1] base usr is in header: http://localhost/web_page/
[2025-09-03 07:50:55] [INFO] [::1] Application initialized
[2025-09-03 11:20:55] [INFO] [::1] base usr is in header: http://localhost/web_page/
[2025-09-03 07:50:55] [INFO] [::1] Application initialized
[2025-09-03 11:20:55] [INFO] [::1] base usr is in header: http://localhost/web_page/
[2025-09-03 07:52:37] [INFO] [::1] Application initialized
[2025-09-03 11:22:37] [INFO] [::1] base usr is in header: http://localhost/web_page/
[2025-09-03 11:22:37] [INFO] [::1] Dashboard accessed
[2025-09-03 11:22:37] [INFO] [::1] User ID: 39
[2025-09-03 11:22:37] [INFO] [::1] Application statistics fetched: {"total_applications":0,"pending_applications":null,"approved_applications":null,"missing_document_applications":null,"rejected_applications":null}
[2025-09-03 11:22:37] [INFO] [::1] Recent applications fetched: []
[2025-09-03 08:00:11] [INFO] [::1] Application initialized
[2025-09-03 11:30:11] [INFO] [::1] base usr is in header: http://localhost/web_page/
[2025-09-03 08:00:27] [INFO] [::1] Application initialized
[2025-09-03 11:30:27] [INFO] [::1] base usr is in header: http://localhost/web_page/
[2025-09-03 08:00:27] [INFO] [::1] Application initialized
[2025-09-03 11:30:27] [INFO] [::1] base usr is in header: http://localhost/web_page/
[2025-09-03 08:01:01] [INFO] [::1] Application initialized
[2025-09-03 11:31:01] [INFO] [::1] base usr is in header: http://localhost/web_page/
[2025-09-03 08:01:09] [INFO] [::1] Application initialized
[2025-09-03 11:31:09] [INFO] [::1] base usr is in header: http://localhost/web_page/
[2025-09-03 08:02:54] [INFO] [::1] Application initialized
[2025-09-03 11:32:54] [INFO] [::1] base usr is in header: http://localhost/web_page/
[2025-09-03 08:04:17] [INFO] [::1] Application initialized
[2025-09-03 11:34:17] [INFO] [::1] base usr is in header: http://localhost/web_page/
[2025-09-03 08:05:06] [INFO] [::1] Application initialized
[2025-09-03 11:35:06] [INFO] [::1] base usr is in header: http://localhost/web_page/
[2025-09-03 08:05:07] [INFO] [::1] Application initialized
[2025-09-03 11:35:07] [INFO] [::1] base usr is in header: http://localhost/web_page/
[2025-09-03 08:05:07] [INFO] [::1] Application initialized
[2025-09-03 11:35:07] [INFO] [::1] base usr is in header: http://localhost/web_page/
[2025-09-03 08:06:08] [INFO] [::1] Application initialized
[2025-09-03 11:36:08] [INFO] [::1] base usr is in header: http://localhost/web_page/
[2025-09-03 08:07:44] [INFO] [::1] Application initialized
[2025-09-03 11:37:44] [INFO] [::1] base usr is in header: http://localhost/web_page/
[2025-09-03 08:08:24] [INFO] [::1] Application initialized
[2025-09-03 11:38:24] [INFO] [::1] base usr is in header: http://localhost/web_page/
[2025-09-03 08:08:55] [INFO] [::1] Application initialized
[2025-09-03 11:38:55] [INFO] [::1] base usr is in header: http://localhost/web_page/
[2025-09-03 08:12:16] [INFO] [::1] Application initialized
[2025-09-03 11:42:16] [INFO] [::1] base usr is in header: http://localhost/web_page/
[2025-09-03 08:41:39] [INFO] [::1] Application initialized
[2025-09-03 12:11:39] [INFO] [::1] base usr is in header: http://localhost/web_page/
[2025-09-03 08:45:08] [INFO] [::1] Application initialized
[2025-09-03 12:15:08] [INFO] [::1] base usr is in header: http://localhost/web_page/
[2025-09-03 09:07:31] [INFO] [::1] Application initialized
[2025-09-03 12:37:31] [INFO] [::1] base usr is in header: http://localhost/web_page/
[2025-09-03 09:11:14] [INFO] [::1] Application initialized
[2025-09-03 12:41:14] [INFO] [::1] base usr is in header: http://localhost/web_page/
[2025-09-03 09:11:50] [INFO] [::1] Application initialized
[2025-09-03 12:41:50] [INFO] [::1] base usr is in header: http://localhost/web_page/
[2025-09-03 09:11:52] [INFO] [::1] Application initialized
[2025-09-03 12:41:52] [INFO] [::1] base usr is in header: http://localhost/web_page/
[2025-09-03 09:14:29] [INFO] [::1] Application initialized
[2025-09-03 12:44:29] [INFO] [::1] base usr is in header: http://localhost/web_page/
[2025-09-03 09:23:08] [INFO] [::1] Application initialized
[2025-09-03 12:53:08] [INFO] [::1] base usr is in header: http://localhost/web_page/
[2025-09-03 09:24:47] [INFO] [::1] Application initialized
[2025-09-03 12:54:47] [INFO] [::1] base usr is in header: http://localhost/web_page/
[2025-09-03 09:29:21] [INFO] [::1] Application initialized
[2025-09-03 12:59:21] [INFO] [::1] base usr is in header: http://localhost/web_page/
[2025-09-03 09:30:28] [INFO] [::1] Application initialized
[2025-09-03 13:00:28] [INFO] [::1] base usr is in header: http://localhost/web_page/
[2025-09-03 09:31:09] [INFO] [::1] Application initialized
[2025-09-03 13:01:09] [INFO] [::1] base usr is in header: http://localhost/web_page/
[2025-09-03 09:31:10] [INFO] [::1] Application initialized
[2025-09-03 13:01:10] [INFO] [::1] base usr is in header: http://localhost/web_page/
[2025-09-03 09:31:10] [INFO] [::1] Application initialized
[2025-09-03 13:01:10] [INFO] [::1] base usr is in header: http://localhost/web_page/
[2025-09-03 09:31:26] [INFO] [::1] Application initialized
[2025-09-03 13:01:26] [INFO] [::1] base usr is in header: http://localhost/web_page/
[2025-09-03 09:37:57] [INFO] [::1] Application initialized
[2025-09-03 13:07:57] [INFO] [::1] base usr is in header: http://localhost/web_page/
[2025-09-03 09:38:32] [INFO] [::1] Application initialized
[2025-09-03 13:08:32] [INFO] [::1] base usr is in header: http://localhost/web_page/
[2025-09-03 09:38:49] [INFO] [::1] Application initialized
[2025-09-03 13:08:49] [INFO] [::1] base usr is in header: http://localhost/web_page/
[2025-09-03 09:41:45] [INFO] [::1] Application initialized
[2025-09-03 13:11:45] [INFO] [::1] base usr is in header: http://localhost/web_page/
[2025-09-03 09:44:49] [INFO] [::1] Application initialized
[2025-09-03 13:14:49] [INFO] [::1] base usr is in header: http://localhost/web_page/
[2025-09-03 09:47:06] [INFO] [::1] Application initialized
[2025-09-03 13:17:06] [INFO] [::1] base usr is in header: http://localhost/web_page/
[2025-09-03 09:47:25] [INFO] [::1] Application initialized
[2025-09-03 13:17:25] [INFO] [::1] base usr is in header: http://localhost/web_page/
[2025-09-03 09:47:34] [INFO] [::1] Application initialized
[2025-09-03 13:17:34] [INFO] [::1] base usr is in header: http://localhost/web_page/
[2025-09-03 09:47:58] [INFO] [::1] Application initialized
[2025-09-03 13:17:58] [INFO] [::1] base usr is in header: http://localhost/web_page/
[2025-09-03 10:02:28] [INFO] [::1] Application initialized
[2025-09-03 13:32:28] [INFO] [::1] base usr is in header: http://localhost/web_page/
[2025-09-03 10:02:32] [INFO] [::1] Application initialized
[2025-09-03 13:32:32] [INFO] [::1] base usr is in header: http://localhost/web_page/
[2025-09-03 10:02:36] [INFO] [::1] Application initialized
[2025-09-03 13:32:36] [INFO] [::1] base usr is in header: http://localhost/web_page/
[2025-09-03 10:08:13] [INFO] [::1] Application initialized
[2025-09-03 13:38:13] [INFO] [::1] base usr is in header: http://localhost/web_page/
[2025-09-03 10:08:15] [INFO] [::1] Application initialized
[2025-09-03 13:38:15] [INFO] [::1] base usr is in header: http://localhost/web_page/
[2025-09-03 10:08:32] [INFO] [::1] Application initialized
[2025-09-03 13:38:32] [INFO] [::1] base usr is in header: http://localhost/web_page/
[2025-09-03 10:08:41] [INFO] [::1] Application initialized
[2025-09-03 13:38:41] [INFO] [::1] base usr is in header: http://localhost/web_page/
[2025-09-03 10:08:46] [INFO] [::1] Application initialized
[2025-09-03 13:38:46] [INFO] [::1] base usr is in header: http://localhost/web_page/
[2025-09-03 10:09:17] [INFO] [::1] Application initialized
[2025-09-03 13:39:17] [INFO] [::1] base usr is in header: http://localhost/web_page/
[2025-09-03 10:09:22] [INFO] [::1] Application initialized
[2025-09-03 13:39:22] [INFO] [::1] base usr is in header: http://localhost/web_page/
[2025-09-03 10:09:49] [INFO] [::1] Application initialized
[2025-09-03 13:39:49] [INFO] [::1] base usr is in header: http://localhost/web_page/
[2025-09-03 10:10:56] [INFO] [::1] Application initialized
[2025-09-03 13:40:56] [INFO] [::1] base usr is in header: http://localhost/web_page/
[2025-09-03 10:11:08] [INFO] [::1] Application initialized
[2025-09-03 13:41:08] [INFO] [::1] base usr is in header: http://localhost/web_page/
[2025-09-03 10:11:12] [INFO] [::1] Application initialized
[2025-09-03 13:41:12] [INFO] [::1] base usr is in header: http://localhost/web_page/
[2025-09-03 10:11:49] [INFO] [::1] Application initialized
[2025-09-03 13:41:49] [INFO] [::1] base usr is in header: http://localhost/web_page/
[2025-09-03 10:12:12] [INFO] [::1] Application initialized
[2025-09-03 13:42:12] [INFO] [::1] base usr is in header: http://localhost/web_page/
[2025-09-03 10:12:14] [INFO] [::1] Application initialized
[2025-09-03 13:42:14] [INFO] [::1] base usr is in header: http://localhost/web_page/
[2025-09-03 10:12:18] [INFO] [::1] Application initialized
[2025-09-03 13:42:18] [INFO] [::1] base usr is in header: http://localhost/web_page/
[2025-09-03 10:14:16] [INFO] [::1] Application initialized
[2025-09-03 13:44:16] [INFO] [::1] base usr is in header: http://localhost/web_page/
[2025-09-03 10:17:37] [INFO] [::1] Application initialized
[2025-09-03 13:47:37] [INFO] [::1] base usr is in header: http://localhost/web_page/
[2025-09-03 13:47:37] [INFO] [::1] Dashboard accessed
[2025-09-03 13:47:37] [INFO] [::1] User ID: 39
[2025-09-03 13:47:37] [INFO] [::1] Application statistics fetched: {"total_applications":0,"pending_applications":null,"approved_applications":null,"missing_document_applications":null,"rejected_applications":null}
[2025-09-03 13:47:37] [INFO] [::1] Recent applications fetched: []
[2025-09-03 10:17:40] [INFO] [::1] Application initialized
[2025-09-03 13:47:40] [INFO] [::1] base usr is in header: http://localhost/web_page/
[2025-09-03 10:17:49] [INFO] [::1] Application initialized
[2025-09-03 13:47:49] [INFO] [::1] base usr is in header: http://localhost/web_page/
[2025-09-03 10:18:24] [INFO] [::1] Application initialized
[2025-09-03 13:48:24] [INFO] [::1] base usr is in header: http://localhost/web_page/
[2025-09-03 13:48:24] [INFO] [::1] Application data stored in session: {"user_id":"39","application_type":"Company Registration","amount":5999,"application_number":"000005"}
[2025-09-03 13:48:24] [INFO] [::1] Application created successfully: 52
[2025-09-03 13:48:24] [INFO] [::1] Temporary upload directory created: ../uploads/applications
[2025-09-03 13:48:24] [INFO] [::1] Required documents for application type: ["Director PAN","Director Aadhaar","Address Proof","Passport Photo","Business Address Proof"]
[2025-09-03 13:48:24] [INFO] [::1] Document names from form: ["Director PAN","Director Aadhaar","Address Proof","Passport Photo","Business Address Proof"]
[2025-09-03 13:48:24] [INFO] [::1] File titles from form: ["Director PAN","Director Aadhaar","Address Proof","Passport Photo","Business Address Proof"]
[2025-09-03 13:48:24] [INFO] [::1] Uploaded files array: {"name":["anjali.pdf","anjali.pdf","anjali.pdf","anjali.pdf","anjali.pdf"],"full_path":["anjali.pdf","anjali.pdf","anjali.pdf","anjali.pdf","anjali.pdf"],"type":["application\/pdf","application\/pdf","application\/pdf","application\/pdf","application\/pdf"],"tmp_name":["C:\\xampp\\tmp\\phpD828.tmp","C:\\xampp\\tmp\\phpD829.tmp","C:\\xampp\\tmp\\phpD82A.tmp","C:\\xampp\\tmp\\phpD82B.tmp","C:\\xampp\\tmp\\phpD83B.tmp"],"error":[0,0,0,0,0],"size":[432843,432843,432843,432843,432843]}
[2025-09-03 13:48:24] [INFO] [::1] Uploaded files array: {"name":["anjali.pdf","anjali.pdf","anjali.pdf","anjali.pdf","anjali.pdf"],"full_path":["anjali.pdf","anjali.pdf","anjali.pdf","anjali.pdf","anjali.pdf"],"type":["application\/pdf","application\/pdf","application\/pdf","application\/pdf","application\/pdf"],"tmp_name":["C:\\xampp\\tmp\\phpD828.tmp","C:\\xampp\\tmp\\phpD829.tmp","C:\\xampp\\tmp\\phpD82A.tmp","C:\\xampp\\tmp\\phpD82B.tmp","C:\\xampp\\tmp\\phpD83B.tmp"],"error":[0,0,0,0,0],"size":[432843,432843,432843,432843,432843]}
[2025-09-03 13:48:24] [INFO] [::1] Processing file for document: Director PAN with title: Director PAN
[2025-09-03 13:48:24] [INFO] [::1] File details: {"name":"anjali.pdf","full_path":"anjali.pdf","type":"application\/pdf","tmp_name":"C:\\xampp\\tmp\\phpD828.tmp","error":0,"size":432843}
[2025-09-03 13:48:24] [INFO] [::1] Temporary upload directory: ../uploads/applications
[2025-09-03 13:48:24] [INFO] [::1] Document name: Director PAN
[2025-09-03 13:48:24] [INFO] [::1] File uploaded successfully: {"original_name":"anjali.pdf","filename":"anjali_1756887504.pdf","size":432843,"file_path":"..\/uploads\/applications\/anjali_1756887504.pdf","file_type":"application\/pdf","file_title":"Director PAN"}
[2025-09-03 13:48:24] [INFO] [::1] File details inserted into database with ID: 194
[2025-09-03 13:48:24] [INFO] [::1] Uploaded file for Director PAN: {"original_name":"anjali.pdf","filename":"anjali_1756887504.pdf","size":432843,"file_path":"..\/uploads\/applications\/anjali_1756887504.pdf","file_type":"application\/pdf","file_title":"Director PAN"}
[2025-09-03 13:48:24] [INFO] [::1] Processing file for document: Director Aadhaar with title: Director Aadhaar
[2025-09-03 13:48:24] [INFO] [::1] File details: {"name":"anjali.pdf","full_path":"anjali.pdf","type":"application\/pdf","tmp_name":"C:\\xampp\\tmp\\phpD829.tmp","error":0,"size":432843}
[2025-09-03 13:48:24] [INFO] [::1] Temporary upload directory: ../uploads/applications
[2025-09-03 13:48:24] [INFO] [::1] Document name: Director Aadhaar
[2025-09-03 13:48:24] [INFO] [::1] File uploaded successfully: {"original_name":"anjali.pdf","filename":"anjali_1756887504.pdf","size":432843,"file_path":"..\/uploads\/applications\/anjali_1756887504.pdf","file_type":"application\/pdf","file_title":"Director Aadhaar"}
[2025-09-03 13:48:24] [INFO] [::1] File details inserted into database with ID: 195
[2025-09-03 13:48:24] [INFO] [::1] Uploaded file for Director Aadhaar: {"original_name":"anjali.pdf","filename":"anjali_1756887504.pdf","size":432843,"file_path":"..\/uploads\/applications\/anjali_1756887504.pdf","file_type":"application\/pdf","file_title":"Director Aadhaar"}
[2025-09-03 13:48:24] [INFO] [::1] Processing file for document: Address Proof with title: Address Proof
[2025-09-03 13:48:24] [INFO] [::1] File details: {"name":"anjali.pdf","full_path":"anjali.pdf","type":"application\/pdf","tmp_name":"C:\\xampp\\tmp\\phpD82A.tmp","error":0,"size":432843}
[2025-09-03 13:48:24] [INFO] [::1] Temporary upload directory: ../uploads/applications
[2025-09-03 13:48:24] [INFO] [::1] Document name: Address Proof
[2025-09-03 13:48:24] [INFO] [::1] File uploaded successfully: {"original_name":"anjali.pdf","filename":"anjali_1756887504.pdf","size":432843,"file_path":"..\/uploads\/applications\/anjali_1756887504.pdf","file_type":"application\/pdf","file_title":"Address Proof"}
[2025-09-03 13:48:24] [INFO] [::1] File details inserted into database with ID: 196
[2025-09-03 13:48:24] [INFO] [::1] Uploaded file for Address Proof: {"original_name":"anjali.pdf","filename":"anjali_1756887504.pdf","size":432843,"file_path":"..\/uploads\/applications\/anjali_1756887504.pdf","file_type":"application\/pdf","file_title":"Address Proof"}
[2025-09-03 13:48:24] [INFO] [::1] Processing file for document: Passport Photo with title: Passport Photo
[2025-09-03 13:48:24] [INFO] [::1] File details: {"name":"anjali.pdf","full_path":"anjali.pdf","type":"application\/pdf","tmp_name":"C:\\xampp\\tmp\\phpD82B.tmp","error":0,"size":432843}
[2025-09-03 13:48:24] [INFO] [::1] Temporary upload directory: ../uploads/applications
[2025-09-03 13:48:24] [INFO] [::1] Document name: Passport Photo
[2025-09-03 13:48:24] [INFO] [::1] File uploaded successfully: {"original_name":"anjali.pdf","filename":"anjali_1756887504.pdf","size":432843,"file_path":"..\/uploads\/applications\/anjali_1756887504.pdf","file_type":"application\/pdf","file_title":"Passport Photo"}
[2025-09-03 13:48:24] [INFO] [::1] File details inserted into database with ID: 197
[2025-09-03 13:48:24] [INFO] [::1] Uploaded file for Passport Photo: {"original_name":"anjali.pdf","filename":"anjali_1756887504.pdf","size":432843,"file_path":"..\/uploads\/applications\/anjali_1756887504.pdf","file_type":"application\/pdf","file_title":"Passport Photo"}
[2025-09-03 13:48:24] [INFO] [::1] Processing file for document: Business Address Proof with title: Business Address Proof
[2025-09-03 13:48:24] [INFO] [::1] File details: {"name":"anjali.pdf","full_path":"anjali.pdf","type":"application\/pdf","tmp_name":"C:\\xampp\\tmp\\phpD83B.tmp","error":0,"size":432843}
[2025-09-03 13:48:24] [INFO] [::1] Temporary upload directory: ../uploads/applications
[2025-09-03 13:48:24] [INFO] [::1] Document name: Business Address Proof
[2025-09-03 13:48:24] [INFO] [::1] File uploaded successfully: {"original_name":"anjali.pdf","filename":"anjali_1756887504.pdf","size":432843,"file_path":"..\/uploads\/applications\/anjali_1756887504.pdf","file_type":"application\/pdf","file_title":"Business Address Proof"}
[2025-09-03 13:48:24] [INFO] [::1] File details inserted into database with ID: 198
[2025-09-03 13:48:24] [INFO] [::1] Uploaded file for Business Address Proof: {"original_name":"anjali.pdf","filename":"anjali_1756887504.pdf","size":432843,"file_path":"..\/uploads\/applications\/anjali_1756887504.pdf","file_type":"application\/pdf","file_title":"Business Address Proof"}
[2025-09-03 13:48:24] [INFO] [::1] Successfully processed and stored uploaded files in session: {"Director PAN":{"original_name":"anjali.pdf","filename":"anjali_1756887504.pdf","size":432843,"file_path":"..\/uploads\/applications\/anjali_1756887504.pdf","file_type":"application\/pdf","file_title":"Director PAN"},"Director Aadhaar":{"original_name":"anjali.pdf","filename":"anjali_1756887504.pdf","size":432843,"file_path":"..\/uploads\/applications\/anjali_1756887504.pdf","file_type":"application\/pdf","file_title":"Director Aadhaar"},"Address Proof":{"original_name":"anjali.pdf","filename":"anjali_1756887504.pdf","size":432843,"file_path":"..\/uploads\/applications\/anjali_1756887504.pdf","file_type":"application\/pdf","file_title":"Address Proof"},"Passport Photo":{"original_name":"anjali.pdf","filename":"anjali_1756887504.pdf","size":432843,"file_path":"..\/uploads\/applications\/anjali_1756887504.pdf","file_type":"application\/pdf","file_title":"Passport Photo"},"Business Address Proof":{"original_name":"anjali.pdf","filename":"anjali_1756887504.pdf","size":432843,"file_path":"..\/uploads\/applications\/anjali_1756887504.pdf","file_type":"application\/pdf","file_title":"Business Address Proof"}}
[2025-09-03 10:18:24] [INFO] [::1] Application initialized
[2025-09-03 13:48:24] [INFO] [::1] base usr is in header: http://localhost/web_page/
[2025-09-03 10:19:53] [INFO] [::1] Application initialized
[2025-09-03 13:49:53] [INFO] [::1] base usr is in header: http://localhost/web_page/
[2025-09-03 10:21:30] [INFO] [::1] Application initialized
[2025-09-03 13:51:30] [INFO] [::1] base usr is in header: http://localhost/web_page/
[2025-09-03 10:21:55] [INFO] [::1] Application initialized
[2025-09-03 13:51:55] [INFO] [::1] base usr is in header: http://localhost/web_page/
[2025-09-03 10:21:58] [INFO] [::1] Application initialized
[2025-09-03 13:51:58] [INFO] [::1] base usr is in header: http://localhost/web_page/
[2025-09-03 13:51:58] [INFO] [::1] Dashboard accessed
[2025-09-03 13:51:58] [INFO] [::1] User ID: 39
[2025-09-03 13:51:58] [INFO] [::1] Application statistics fetched: {"total_applications":1,"pending_applications":"1","approved_applications":"0","missing_document_applications":"0","rejected_applications":"0"}
[2025-09-03 13:51:58] [INFO] [::1] Recent applications fetched: [{"id":52,"application_number":"000005","user_id":39,"service_type":"Company Registration","status":"pending","payment_status":"pending","reviewed_by":null,"reviewed_at":null,"created_at":"2025-09-03 13:48:24","updated_at":"2025-09-03 13:48:24","required_documents":null}]
[2025-09-03 10:22:43] [INFO] [::1] Application initialized
[2025-09-03 13:52:43] [INFO] [::1] base usr is in header: http://localhost/web_page/
[2025-09-03 10:23:01] [INFO] [::1] Application initialized
[2025-09-03 13:53:01] [INFO] [::1] base usr is in header: http://localhost/web_page/
[2025-09-03 10:23:12] [INFO] [::1] Application initialized
[2025-09-03 13:53:12] [INFO] [::1] base usr is in header: http://localhost/web_page/
[2025-09-03 10:23:29] [INFO] [::1] Application initialized
[2025-09-03 13:53:29] [INFO] [::1] base usr is in header: http://localhost/web_page/
[2025-09-03 10:24:21] [INFO] [::1] Application initialized
[2025-09-03 13:54:21] [INFO] [::1] base usr is in header: http://localhost/web_page/
[2025-09-03 10:25:08] [INFO] [::1] Application initialized
[2025-09-03 13:55:08] [INFO] [::1] base usr is in header: http://localhost/web_page/
[2025-09-03 10:26:06] [INFO] [::1] Application initialized
[2025-09-03 13:56:06] [INFO] [::1] base usr is in header: http://localhost/web_page/
[2025-09-03 10:26:22] [INFO] [::1] Application initialized
[2025-09-03 13:56:22] [INFO] [::1] base usr is in header: http://localhost/web_page/
[2025-09-03 10:26:32] [INFO] [::1] Application initialized
[2025-09-03 13:56:32] [INFO] [::1] base usr is in header: http://localhost/web_page/
[2025-09-03 10:27:31] [INFO] [::1] Application initialized
[2025-09-03 13:57:31] [INFO] [::1] base usr is in header: http://localhost/web_page/
[2025-09-03 10:27:46] [INFO] [::1] Application initialized
[2025-09-03 13:57:46] [INFO] [::1] base usr is in header: http://localhost/web_page/
[2025-09-03 10:28:05] [INFO] [::1] Application initialized
[2025-09-03 13:58:05] [INFO] [::1] base usr is in header: http://localhost/web_page/
[2025-09-03 10:28:14] [INFO] [::1] Application initialized
[2025-09-03 13:58:14] [INFO] [::1] base usr is in header: http://localhost/web_page/
[2025-09-03 10:28:21] [INFO] [::1] Application initialized
[2025-09-03 13:58:21] [INFO] [::1] base usr is in header: http://localhost/web_page/
[2025-09-03 10:28:40] [INFO] [::1] Application initialized
[2025-09-03 13:58:40] [INFO] [::1] base usr is in header: http://localhost/web_page/
[2025-09-03 10:29:06] [INFO] [::1] Application initialized
[2025-09-03 13:59:06] [INFO] [::1] base usr is in header: http://localhost/web_page/
[2025-09-03 10:30:11] [INFO] [::1] Application initialized
[2025-09-03 14:00:11] [INFO] [::1] base usr is in header: http://localhost/web_page/
[2025-09-03 10:30:57] [INFO] [::1] Application initialized
[2025-09-03 14:00:57] [INFO] [::1] base usr is in header: http://localhost/web_page/
[2025-09-03 14:00:57] [INFO] [::1] Dashboard accessed
[2025-09-03 14:00:57] [INFO] [::1] User ID: 39
[2025-09-03 14:00:57] [INFO] [::1] Application statistics fetched: {"total_applications":1,"pending_applications":"1","approved_applications":"0","missing_document_applications":"0","rejected_applications":"0"}
[2025-09-03 14:00:57] [INFO] [::1] Recent applications fetched: [{"id":52,"application_number":"000005","user_id":39,"service_type":"Company Registration","status":"pending","payment_status":"pending","reviewed_by":null,"reviewed_at":null,"created_at":"2025-09-03 13:48:24","updated_at":"2025-09-03 13:48:24","required_documents":null}]
[2025-09-03 10:31:11] [INFO] [::1] Application initialized
[2025-09-03 14:01:11] [INFO] [::1] base usr is in header: http://localhost/web_page/
[2025-09-03 14:01:11] [INFO] [::1] Dashboard accessed
[2025-09-03 14:01:11] [INFO] [::1] User ID: 39
[2025-09-03 14:01:11] [INFO] [::1] Application statistics fetched: {"total_applications":1,"pending_applications":"1","approved_applications":"0","missing_document_applications":"0","rejected_applications":"0"}
[2025-09-03 14:01:11] [INFO] [::1] Recent applications fetched: [{"id":52,"application_number":"000005","user_id":39,"service_type":"Company Registration","status":"pending","payment_status":"pending","reviewed_by":null,"reviewed_at":null,"created_at":"2025-09-03 13:48:24","updated_at":"2025-09-03 13:48:24","required_documents":null}]
[2025-09-03 10:31:14] [INFO] [::1] Application initialized
[2025-09-03 14:01:14] [INFO] [::1] base usr is in header: http://localhost/web_page/
[2025-09-03 10:31:37] [INFO] [::1] Application initialized
[2025-09-03 14:01:37] [INFO] [::1] base usr is in header: http://localhost/web_page/
[2025-09-03 14:01:37] [INFO] [::1] Application data stored in session: {"user_id":"39","application_type":"MSME Registration","amount":1499,"application_number":"000006"}
[2025-09-03 14:01:37] [INFO] [::1] Application created successfully: 53
[2025-09-03 14:01:37] [INFO] [::1] Temporary upload directory created: ../uploads/applications
[2025-09-03 14:01:37] [INFO] [::1] Required documents for application type: ["Aadhaar Card","PAN Card","Business Address Proof","Bank Account Details"]
[2025-09-03 14:01:37] [INFO] [::1] Document names from form: ["Aadhaar Card","PAN Card","Business Address Proof","Bank Account Details"]
[2025-09-03 14:01:37] [INFO] [::1] File titles from form: ["Aadhaar Card","PAN Card","Business Address Proof","Bank Account Details"]
[2025-09-03 14:01:37] [INFO] [::1] Uploaded files array: {"name":["anjali.pdf","anjali.pdf","anjali.pdf","anjali.pdf"],"full_path":["anjali.pdf","anjali.pdf","anjali.pdf","anjali.pdf"],"type":["application\/pdf","application\/pdf","application\/pdf","application\/pdf"],"tmp_name":["C:\\xampp\\tmp\\phpEF93.tmp","C:\\xampp\\tmp\\phpEF94.tmp","C:\\xampp\\tmp\\phpEFA4.tmp","C:\\xampp\\tmp\\phpEFA5.tmp"],"error":[0,0,0,0],"size":[432843,432843,432843,432843]}
[2025-09-03 14:01:37] [INFO] [::1] Uploaded files array: {"name":["anjali.pdf","anjali.pdf","anjali.pdf","anjali.pdf"],"full_path":["anjali.pdf","anjali.pdf","anjali.pdf","anjali.pdf"],"type":["application\/pdf","application\/pdf","application\/pdf","application\/pdf"],"tmp_name":["C:\\xampp\\tmp\\phpEF93.tmp","C:\\xampp\\tmp\\phpEF94.tmp","C:\\xampp\\tmp\\phpEFA4.tmp","C:\\xampp\\tmp\\phpEFA5.tmp"],"error":[0,0,0,0],"size":[432843,432843,432843,432843]}
[2025-09-03 14:01:37] [INFO] [::1] Processing file for document: Aadhaar Card with title: Aadhaar Card
[2025-09-03 14:01:37] [INFO] [::1] File details: {"name":"anjali.pdf","full_path":"anjali.pdf","type":"application\/pdf","tmp_name":"C:\\xampp\\tmp\\phpEF93.tmp","error":0,"size":432843}
[2025-09-03 14:01:37] [INFO] [::1] Temporary upload directory: ../uploads/applications
[2025-09-03 14:01:37] [INFO] [::1] Document name: Aadhaar Card
[2025-09-03 14:01:37] [INFO] [::1] File uploaded successfully: {"original_name":"anjali.pdf","filename":"anjali_1756888297.pdf","size":432843,"file_path":"..\/uploads\/applications\/anjali_1756888297.pdf","file_type":"application\/pdf","file_title":"Aadhaar Card"}
[2025-09-03 14:01:37] [INFO] [::1] File details inserted into database with ID: 199
[2025-09-03 14:01:37] [INFO] [::1] Uploaded file for Aadhaar Card: {"original_name":"anjali.pdf","filename":"anjali_1756888297.pdf","size":432843,"file_path":"..\/uploads\/applications\/anjali_1756888297.pdf","file_type":"application\/pdf","file_title":"Aadhaar Card"}
[2025-09-03 14:01:37] [INFO] [::1] Processing file for document: PAN Card with title: PAN Card
[2025-09-03 14:01:37] [INFO] [::1] File details: {"name":"anjali.pdf","full_path":"anjali.pdf","type":"application\/pdf","tmp_name":"C:\\xampp\\tmp\\phpEF94.tmp","error":0,"size":432843}
[2025-09-03 14:01:37] [INFO] [::1] Temporary upload directory: ../uploads/applications
[2025-09-03 14:01:37] [INFO] [::1] Document name: PAN Card
[2025-09-03 14:01:37] [INFO] [::1] File uploaded successfully: {"original_name":"anjali.pdf","filename":"anjali_1756888297.pdf","size":432843,"file_path":"..\/uploads\/applications\/anjali_1756888297.pdf","file_type":"application\/pdf","file_title":"PAN Card"}
[2025-09-03 14:01:37] [INFO] [::1] File details inserted into database with ID: 200
[2025-09-03 14:01:37] [INFO] [::1] Uploaded file for PAN Card: {"original_name":"anjali.pdf","filename":"anjali_1756888297.pdf","size":432843,"file_path":"..\/uploads\/applications\/anjali_1756888297.pdf","file_type":"application\/pdf","file_title":"PAN Card"}
[2025-09-03 14:01:37] [INFO] [::1] Processing file for document: Business Address Proof with title: Business Address Proof
[2025-09-03 14:01:37] [INFO] [::1] File details: {"name":"anjali.pdf","full_path":"anjali.pdf","type":"application\/pdf","tmp_name":"C:\\xampp\\tmp\\phpEFA4.tmp","error":0,"size":432843}
[2025-09-03 14:01:37] [INFO] [::1] Temporary upload directory: ../uploads/applications
[2025-09-03 14:01:37] [INFO] [::1] Document name: Business Address Proof
[2025-09-03 14:01:37] [INFO] [::1] File uploaded successfully: {"original_name":"anjali.pdf","filename":"anjali_1756888297.pdf","size":432843,"file_path":"..\/uploads\/applications\/anjali_1756888297.pdf","file_type":"application\/pdf","file_title":"Business Address Proof"}
[2025-09-03 14:01:37] [INFO] [::1] File details inserted into database with ID: 201
[2025-09-03 14:01:37] [INFO] [::1] Uploaded file for Business Address Proof: {"original_name":"anjali.pdf","filename":"anjali_1756888297.pdf","size":432843,"file_path":"..\/uploads\/applications\/anjali_1756888297.pdf","file_type":"application\/pdf","file_title":"Business Address Proof"}
[2025-09-03 14:01:37] [INFO] [::1] Processing file for document: Bank Account Details with title: Bank Account Details
[2025-09-03 14:01:37] [INFO] [::1] File details: {"name":"anjali.pdf","full_path":"anjali.pdf","type":"application\/pdf","tmp_name":"C:\\xampp\\tmp\\phpEFA5.tmp","error":0,"size":432843}
[2025-09-03 14:01:37] [INFO] [::1] Temporary upload directory: ../uploads/applications
[2025-09-03 14:01:37] [INFO] [::1] Document name: Bank Account Details
[2025-09-03 14:01:37] [INFO] [::1] File uploaded successfully: {"original_name":"anjali.pdf","filename":"anjali_1756888297.pdf","size":432843,"file_path":"..\/uploads\/applications\/anjali_1756888297.pdf","file_type":"application\/pdf","file_title":"Bank Account Details"}
[2025-09-03 14:01:37] [INFO] [::1] File details inserted into database with ID: 202
[2025-09-03 14:01:37] [INFO] [::1] Uploaded file for Bank Account Details: {"original_name":"anjali.pdf","filename":"anjali_1756888297.pdf","size":432843,"file_path":"..\/uploads\/applications\/anjali_1756888297.pdf","file_type":"application\/pdf","file_title":"Bank Account Details"}
[2025-09-03 14:01:37] [INFO] [::1] Successfully processed and stored uploaded files in session: {"Aadhaar Card":{"original_name":"anjali.pdf","filename":"anjali_1756888297.pdf","size":432843,"file_path":"..\/uploads\/applications\/anjali_1756888297.pdf","file_type":"application\/pdf","file_title":"Aadhaar Card"},"PAN Card":{"original_name":"anjali.pdf","filename":"anjali_1756888297.pdf","size":432843,"file_path":"..\/uploads\/applications\/anjali_1756888297.pdf","file_type":"application\/pdf","file_title":"PAN Card"},"Business Address Proof":{"original_name":"anjali.pdf","filename":"anjali_1756888297.pdf","size":432843,"file_path":"..\/uploads\/applications\/anjali_1756888297.pdf","file_type":"application\/pdf","file_title":"Business Address Proof"},"Bank Account Details":{"original_name":"anjali.pdf","filename":"anjali_1756888297.pdf","size":432843,"file_path":"..\/uploads\/applications\/anjali_1756888297.pdf","file_type":"application\/pdf","file_title":"Bank Account Details"}}
[2025-09-03 10:31:37] [INFO] [::1] Application initialized
[2025-09-03 14:01:37] [INFO] [::1] base usr is in header: http://localhost/web_page/
[2025-09-03 10:32:17] [INFO] [::1] Application initialized
[2025-09-03 14:02:17] [INFO] [::1] base usr is in header: http://localhost/web_page/
[2025-09-03 14:02:17] [INFO] [::1] Dashboard accessed
[2025-09-03 14:02:17] [INFO] [::1] User ID: 39
[2025-09-03 14:02:17] [INFO] [::1] Application statistics fetched: {"total_applications":2,"pending_applications":"2","approved_applications":"0","missing_document_applications":"0","rejected_applications":"0"}
[2025-09-03 14:02:17] [INFO] [::1] Recent applications fetched: [{"id":53,"application_number":"000006","user_id":39,"service_type":"MSME Registration","status":"pending","payment_status":"pending","reviewed_by":null,"reviewed_at":null,"created_at":"2025-09-03 14:01:37","updated_at":"2025-09-03 14:01:37","required_documents":null},{"id":52,"application_number":"000005","user_id":39,"service_type":"Company Registration","status":"pending","payment_status":"pending","reviewed_by":null,"reviewed_at":null,"created_at":"2025-09-03 13:48:24","updated_at":"2025-09-03 13:48:24","required_documents":null}]
[2025-09-03 10:32:26] [INFO] [::1] Application initialized
[2025-09-03 14:02:26] [INFO] [::1] base usr is in header: http://localhost/web_page/
[2025-09-03 14:02:26] [INFO] [::1] this is application id: 
[2025-09-03 14:02:26] [INFO] [::1] Application details fetched: 
[2025-09-03 10:32:38] [INFO] [::1] Application initialized
[2025-09-03 14:02:38] [INFO] [::1] base usr is in header: http://localhost/web_page/
[2025-09-03 14:02:38] [INFO] [::1] Dashboard accessed
[2025-09-03 14:02:38] [INFO] [::1] User ID: 39
[2025-09-03 14:02:38] [INFO] [::1] Application statistics fetched: {"total_applications":2,"pending_applications":"2","approved_applications":"0","missing_document_applications":"0","rejected_applications":"0"}
[2025-09-03 14:02:38] [INFO] [::1] Recent applications fetched: [{"id":53,"application_number":"000006","user_id":39,"service_type":"MSME Registration","status":"pending","payment_status":"pending","reviewed_by":null,"reviewed_at":null,"created_at":"2025-09-03 14:01:37","updated_at":"2025-09-03 14:01:37","required_documents":null},{"id":52,"application_number":"000005","user_id":39,"service_type":"Company Registration","status":"pending","payment_status":"pending","reviewed_by":null,"reviewed_at":null,"created_at":"2025-09-03 13:48:24","updated_at":"2025-09-03 13:48:24","required_documents":null}]
[2025-09-03 11:49:26] [INFO] [::1] Application initialized
[2025-09-03 15:19:26] [INFO] [::1] base usr is in header: http://localhost/web_page/
[2025-09-03 15:19:26] [INFO] [::1] this is application id: 
[2025-09-03 15:19:26] [INFO] [::1] Application details fetched: 
[2025-09-03 11:52:25] [INFO] [::1] Application initialized
[2025-09-03 15:22:25] [INFO] [::1] base usr is in header: http://localhost/web_page/
[2025-09-03 11:52:36] [INFO] [::1] Application initialized
[2025-09-03 15:22:36] [INFO] [::1] base usr is in header: http://localhost/web_page/
[2025-09-03 11:52:43] [INFO] [::1] Application initialized
[2025-09-03 15:22:43] [INFO] [::1] base usr is in header: http://localhost/web_page/
[2025-09-03 12:03:36] [INFO] [::1] Application initialized
[2025-09-03 15:33:36] [INFO] [::1] base usr is in header: http://localhost/web_page/
[2025-09-03 12:04:34] [INFO] [::1] Application initialized
[2025-09-03 15:34:34] [INFO] [::1] base usr is in header: http://localhost/web_page/
[2025-09-03 12:04:36] [INFO] [::1] Application initialized
[2025-09-03 15:34:36] [INFO] [::1] base usr is in header: http://localhost/web_page/
[2025-09-03 12:04:38] [INFO] [::1] Application initialized
[2025-09-03 15:34:38] [INFO] [::1] base usr is in header: http://localhost/web_page/
[2025-09-03 12:04:46] [INFO] [::1] Application initialized
[2025-09-03 15:34:46] [INFO] [::1] base usr is in header: http://localhost/web_page/
[2025-09-03 12:05:01] [INFO] [::1] Application initialized
[2025-09-03 15:35:01] [INFO] [::1] base usr is in header: http://localhost/web_page/
[2025-09-03 12:05:02] [INFO] [::1] Application initialized
[2025-09-03 15:35:02] [INFO] [::1] base usr is in header: http://localhost/web_page/
[2025-09-03 12:05:07] [INFO] [::1] Application initialized
[2025-09-03 15:35:07] [INFO] [::1] base usr is in header: http://localhost/web_page/
[2025-09-03 12:05:11] [INFO] [::1] Application initialized
[2025-09-03 15:35:11] [INFO] [::1] base usr is in header: http://localhost/web_page/
[2025-09-03 12:05:16] [INFO] [::1] Application initialized
[2025-09-03 15:35:16] [INFO] [::1] base usr is in header: http://localhost/web_page/
[2025-09-03 12:05:29] [INFO] [::1] Application initialized
[2025-09-03 15:35:29] [INFO] [::1] base usr is in header: http://localhost/web_page/
[2025-09-03 12:05:46] [INFO] [::1] Application initialized
[2025-09-03 15:35:46] [INFO] [::1] base usr is in header: http://localhost/web_page/
[2025-09-03 12:06:16] [INFO] [::1] Application initialized
[2025-09-03 15:36:16] [INFO] [::1] base usr is in header: http://localhost/web_page/
[2025-09-03 12:06:28] [INFO] [::1] Application initialized
[2025-09-03 15:36:28] [INFO] [::1] base usr is in header: http://localhost/web_page/
[2025-09-03 12:06:43] [INFO] [::1] Application initialized
[2025-09-03 15:36:43] [INFO] [::1] base usr is in header: http://localhost/web_page/
[2025-09-03 12:06:50] [INFO] [::1] Application initialized
[2025-09-03 15:36:50] [INFO] [::1] base usr is in header: http://localhost/web_page/
[2025-09-03 12:06:57] [INFO] [::1] Application initialized
[2025-09-03 15:36:57] [INFO] [::1] base usr is in header: http://localhost/web_page/
[2025-09-03 12:07:18] [INFO] [::1] Application initialized
[2025-09-03 15:37:18] [INFO] [::1] base usr is in header: http://localhost/web_page/
[2025-09-03 12:07:54] [INFO] [::1] Application initialized
[2025-09-03 15:37:54] [INFO] [::1] base usr is in header: http://localhost/web_page/
[2025-09-03 12:12:15] [INFO] [::1] Application initialized
[2025-09-03 15:42:15] [INFO] [::1] base usr is in header: http://localhost/web_page/
[2025-09-03 12:12:20] [INFO] [::1] Application initialized
[2025-09-03 15:42:20] [INFO] [::1] base usr is in header: http://localhost/web_page/
[2025-09-03 12:12:25] [INFO] [::1] Application initialized
[2025-09-03 15:42:25] [INFO] [::1] base usr is in header: http://localhost/web_page/
[2025-09-03 12:12:28] [INFO] [::1] Application initialized
[2025-09-03 15:42:28] [INFO] [::1] base usr is in header: http://localhost/web_page/
[2025-09-03 12:22:30] [INFO] [::1] Application initialized
[2025-09-03 15:52:30] [INFO] [::1] base usr is in header: http://localhost/web_page/
[2025-09-03 12:51:59] [INFO] [::1] Application initialized
[2025-09-03 16:21:59] [INFO] [::1] base usr is in header: http://localhost/web_page/
[2025-09-03 13:03:11] [INFO] [::1] Application initialized
[2025-09-03 16:33:11] [INFO] [::1] base usr is in header: http://localhost/web_page/
[2025-09-03 16:33:11] [INFO] [::1] Login page accessed
[2025-09-03 13:03:14] [INFO] [::1] Application initialized
[2025-09-03 16:33:14] [INFO] [::1] base usr is in header: http://localhost/web_page/
[2025-09-03 13:03:18] [INFO] [::1] Application initialized
[2025-09-03 16:33:18] [INFO] [::1] base usr is in header: http://localhost/web_page/
[2025-09-03 16:33:18] [INFO] [::1] Login page accessed
[2025-09-03 13:03:25] [INFO] [::1] Application initialized
[2025-09-03 16:33:25] [INFO] [::1] base usr is in header: http://localhost/web_page/
[2025-09-03 13:03:26] [INFO] [::1] Application initialized
[2025-09-03 16:33:26] [INFO] [::1] base usr is in header: http://localhost/web_page/
[2025-09-03 13:03:29] [INFO] [::1] Application initialized
[2025-09-03 16:33:29] [INFO] [::1] base usr is in header: http://localhost/web_page/
[2025-09-03 13:03:31] [INFO] [::1] Application initialized
[2025-09-03 16:33:31] [INFO] [::1] base usr is in header: http://localhost/web_page/
[2025-09-03 13:10:02] [INFO] [::1] Application initialized
[2025-09-03 16:40:02] [INFO] [::1] base usr is in header: http://localhost/web_page/
[2025-09-03 16:40:02] [INFO] [::1] Login page accessed
[2025-09-03 13:14:47] [INFO] [::1] Application initialized
[2025-09-03 16:44:47] [INFO] [::1] base usr is in header: http://localhost/web_page/
[2025-09-03 13:15:32] [INFO] [::1] Application initialized
[2025-09-03 16:45:32] [INFO] [::1] base usr is in header: http://localhost/web_page/
[2025-09-03 16:45:32] [INFO] [::1] Login page accessed
[2025-09-03 13:15:35] [INFO] [::1] Application initialized
[2025-09-03 16:45:35] [INFO] [::1] base usr is in header: http://localhost/web_page/
[2025-09-03 16:45:35] [INFO] [::1] Login page accessed
[2025-09-03 13:15:58] [INFO] [::1] Application initialized
[2025-09-03 16:45:58] [INFO] [::1] Login register page accessed
[2025-09-03 16:45:58] [INFO] [::1] email "riya@gmail.com"
[2025-09-03 16:45:58] [INFO] [::1] password "12345678"
[2025-09-03 16:45:58] [INFO] [::1] Executed query: SELECT * FROM users WHERE email = 'riya@gmail.com'
[2025-09-03 16:45:58] [INFO] [::1] User Row: {"id":"39","name":"riya gupta","email":"riya@gmail.com","mobile":"07770958768","password":"$2y$10$cTd6aWbd2iZ9N8T85ruApeD.DEgKe\/5.FIDiIBKAIk\/gsoSG0oWjK","role":"user","status":"active","featured_image":"profiles\/68b7d97bd77e9.jpg","reset_token":null,"reset_token_expires":null,"last_login":null,"created_at":"2025-07-27 17:32:18","updated_at":"2025-09-03 11:30:27","otp":null,"otp_expiry":null}
[2025-09-03 16:45:58] [INFO] [::1] Invalid password.
[2025-09-03 13:15:58] [INFO] [::1] Application initialized
[2025-09-03 16:45:58] [INFO] [::1] base usr is in header: http://localhost/web_page/
[2025-09-03 16:45:58] [INFO] [::1] Login page accessed
[2025-09-03 13:16:31] [INFO] [::1] Application initialized
[2025-09-03 16:46:31] [INFO] [::1] Login register page accessed
[2025-09-03 16:46:31] [INFO] [::1] email "riya@gmail.com"
[2025-09-03 16:46:31] [INFO] [::1] password "123456"
[2025-09-03 16:46:31] [INFO] [::1] Executed query: SELECT * FROM users WHERE email = 'riya@gmail.com'
[2025-09-03 16:46:31] [INFO] [::1] User Row: {"id":"39","name":"riya gupta","email":"riya@gmail.com","mobile":"07770958768","password":"$2y$10$cTd6aWbd2iZ9N8T85ruApeD.DEgKe\/5.FIDiIBKAIk\/gsoSG0oWjK","role":"user","status":"active","featured_image":"profiles\/68b7d97bd77e9.jpg","reset_token":null,"reset_token_expires":null,"last_login":null,"created_at":"2025-07-27 17:32:18","updated_at":"2025-09-03 11:30:27","otp":null,"otp_expiry":null}
[2025-09-03 16:46:31] [INFO] [::1] password verify success
[2025-09-03 16:46:31] [INFO] [::1] This is session after login: {"user_id":"39","name":"riya gupta","email":"riya@gmail.com","mobile":"07770958768","featured_image":"profiles\/68b7d97bd77e9.jpg","role":"user"}
[2025-09-03 13:16:31] [INFO] [::1] Application initialized
[2025-09-03 16:46:31] [INFO] [::1] base usr is in header: http://localhost/web_page/
[2025-09-03 13:16:36] [INFO] [::1] Application initialized
[2025-09-03 16:46:36] [INFO] [::1] base usr is in header: http://localhost/web_page/
[2025-09-03 16:46:36] [INFO] [::1] Dashboard accessed
[2025-09-03 16:46:36] [INFO] [::1] User ID: 39
[2025-09-03 16:46:36] [INFO] [::1] Application statistics fetched: {"total_applications":2,"pending_applications":"2","approved_applications":"0","missing_document_applications":"0","rejected_applications":"0"}
[2025-09-03 16:46:36] [INFO] [::1] Recent applications fetched: [{"id":53,"application_number":"000006","user_id":39,"service_type":"MSME Registration","status":"pending","payment_status":"pending","reviewed_by":null,"reviewed_at":null,"created_at":"2025-09-03 14:01:37","updated_at":"2025-09-03 14:01:37","required_documents":null},{"id":52,"application_number":"000005","user_id":39,"service_type":"Company Registration","status":"pending","payment_status":"pending","reviewed_by":null,"reviewed_at":null,"created_at":"2025-09-03 13:48:24","updated_at":"2025-09-03 13:48:24","required_documents":null}]
[2025-09-03 13:16:52] [INFO] [::1] Application initialized
[2025-09-03 16:46:52] [INFO] [::1] base usr is in header: http://localhost/web_page/
[2025-09-03 13:17:10] [INFO] [::1] Application initialized
[2025-09-03 16:47:10] [INFO] [::1] base usr is in header: http://localhost/web_page/
[2025-09-03 13:17:22] [INFO] [::1] Application initialized
[2025-09-03 16:47:22] [INFO] [::1] base usr is in header: http://localhost/web_page/
[2025-09-03 14:07:36] [INFO] [::1] Application initialized
[2025-09-03 17:37:36] [INFO] [::1] base usr is in header: http://localhost/web_page/
[2025-09-03 17:37:36] [INFO] [::1] this is application id: 
[2025-09-03 17:37:36] [INFO] [::1] Application details fetched: 
[2025-09-03 14:31:27] [INFO] [::1] Application initialized
[2025-09-03 18:01:27] [INFO] [::1] base usr is in header: http://localhost/web_page/
[2025-09-03 18:01:27] [INFO] [::1] Dashboard accessed
[2025-09-03 18:01:27] [INFO] [::1] User ID: 39
[2025-09-03 18:01:27] [INFO] [::1] Application statistics fetched: {"total_applications":2,"pending_applications":"2","approved_applications":"0","missing_document_applications":"0","rejected_applications":"0"}
[2025-09-03 18:01:27] [INFO] [::1] Recent applications fetched: [{"id":53,"application_number":"000006","user_id":39,"service_type":"MSME Registration","status":"pending","payment_status":"pending","reviewed_by":null,"reviewed_at":null,"created_at":"2025-09-03 14:01:37","updated_at":"2025-09-03 14:01:37","required_documents":null},{"id":52,"application_number":"000005","user_id":39,"service_type":"Company Registration","status":"pending","payment_status":"pending","reviewed_by":null,"reviewed_at":null,"created_at":"2025-09-03 13:48:24","updated_at":"2025-09-03 13:48:24","required_documents":null}]
[2025-09-03 14:31:30] [INFO] [::1] Application initialized
[2025-09-03 18:01:30] [INFO] [::1] base usr is in header: http://localhost/web_page/
[2025-09-03 14:32:23] [INFO] [::1] Application initialized
[2025-09-03 18:02:23] [INFO] [::1] base usr is in header: http://localhost/web_page/
[2025-09-03 18:02:23] [INFO] [::1] Application data stored in session: {"user_id":"39","application_type":"GST Registration","amount":1999,"application_number":"000007"}
[2025-09-03 18:02:23] [INFO] [::1] Application created successfully: 54
[2025-09-03 18:02:23] [INFO] [::1] Temporary upload directory created: ../uploads/applications
[2025-09-03 18:02:23] [INFO] [::1] Required documents for application type: ["PAN Card","Aadhaar Card","Business Address Proof","Bank Account Details","Photograph"]
[2025-09-03 18:02:23] [INFO] [::1] Document names from form: ["PAN Card","Aadhaar Card","Business Address Proof","Bank Account Details","Photograph"]
[2025-09-03 18:02:23] [INFO] [::1] File titles from form: ["PAN Card","Aadhaar Card","Business Address Proof","Bank Account Details","Photograph"]
[2025-09-03 18:02:23] [INFO] [::1] Uploaded files array: {"name":["Anjali-Resume-V1.pdf","Anjali-Resume-V1.pdf","Anjali-Resume-V1.pdf","Anjali-Resume-V1.pdf","Anjali-Resume-V1.pdf"],"full_path":["Anjali-Resume-V1.pdf","Anjali-Resume-V1.pdf","Anjali-Resume-V1.pdf","Anjali-Resume-V1.pdf","Anjali-Resume-V1.pdf"],"type":["application\/pdf","application\/pdf","application\/pdf","application\/pdf","application\/pdf"],"tmp_name":["C:\\xampp\\tmp\\php5E6C.tmp","C:\\xampp\\tmp\\php5E6D.tmp","C:\\xampp\\tmp\\php5E7E.tmp","C:\\xampp\\tmp\\php5E7F.tmp","C:\\xampp\\tmp\\php5E80.tmp"],"error":[0,0,0,0,0],"size":[189634,189634,189634,189634,189634]}
[2025-09-03 18:02:23] [INFO] [::1] Uploaded files array: {"name":["Anjali-Resume-V1.pdf","Anjali-Resume-V1.pdf","Anjali-Resume-V1.pdf","Anjali-Resume-V1.pdf","Anjali-Resume-V1.pdf"],"full_path":["Anjali-Resume-V1.pdf","Anjali-Resume-V1.pdf","Anjali-Resume-V1.pdf","Anjali-Resume-V1.pdf","Anjali-Resume-V1.pdf"],"type":["application\/pdf","application\/pdf","application\/pdf","application\/pdf","application\/pdf"],"tmp_name":["C:\\xampp\\tmp\\php5E6C.tmp","C:\\xampp\\tmp\\php5E6D.tmp","C:\\xampp\\tmp\\php5E7E.tmp","C:\\xampp\\tmp\\php5E7F.tmp","C:\\xampp\\tmp\\php5E80.tmp"],"error":[0,0,0,0,0],"size":[189634,189634,189634,189634,189634]}
[2025-09-03 18:02:23] [INFO] [::1] Processing file for document: PAN Card with title: PAN Card
[2025-09-03 18:02:23] [INFO] [::1] File details: {"name":"Anjali-Resume-V1.pdf","full_path":"Anjali-Resume-V1.pdf","type":"application\/pdf","tmp_name":"C:\\xampp\\tmp\\php5E6C.tmp","error":0,"size":189634}
[2025-09-03 18:02:23] [INFO] [::1] Temporary upload directory: ../uploads/applications
[2025-09-03 18:02:23] [INFO] [::1] Document name: PAN Card
[2025-09-03 18:02:23] [INFO] [::1] File uploaded successfully: {"original_name":"Anjali-Resume-V1.pdf","filename":"Anjali-Resume-V1_1756902743.pdf","size":189634,"file_path":"..\/uploads\/applications\/Anjali-Resume-V1_1756902743.pdf","file_type":"application\/pdf","file_title":"PAN Card"}
[2025-09-03 18:02:23] [INFO] [::1] File details inserted into database with ID: 204
[2025-09-03 18:02:23] [INFO] [::1] Uploaded file for PAN Card: {"original_name":"Anjali-Resume-V1.pdf","filename":"Anjali-Resume-V1_1756902743.pdf","size":189634,"file_path":"..\/uploads\/applications\/Anjali-Resume-V1_1756902743.pdf","file_type":"application\/pdf","file_title":"PAN Card"}
[2025-09-03 18:02:23] [INFO] [::1] Processing file for document: Aadhaar Card with title: Aadhaar Card
[2025-09-03 18:02:23] [INFO] [::1] File details: {"name":"Anjali-Resume-V1.pdf","full_path":"Anjali-Resume-V1.pdf","type":"application\/pdf","tmp_name":"C:\\xampp\\tmp\\php5E6D.tmp","error":0,"size":189634}
[2025-09-03 18:02:23] [INFO] [::1] Temporary upload directory: ../uploads/applications
[2025-09-03 18:02:23] [INFO] [::1] Document name: Aadhaar Card
[2025-09-03 18:02:23] [INFO] [::1] File uploaded successfully: {"original_name":"Anjali-Resume-V1.pdf","filename":"Anjali-Resume-V1_1756902743.pdf","size":189634,"file_path":"..\/uploads\/applications\/Anjali-Resume-V1_1756902743.pdf","file_type":"application\/pdf","file_title":"Aadhaar Card"}
[2025-09-03 18:02:23] [INFO] [::1] File details inserted into database with ID: 205
[2025-09-03 18:02:23] [INFO] [::1] Uploaded file for Aadhaar Card: {"original_name":"Anjali-Resume-V1.pdf","filename":"Anjali-Resume-V1_1756902743.pdf","size":189634,"file_path":"..\/uploads\/applications\/Anjali-Resume-V1_1756902743.pdf","file_type":"application\/pdf","file_title":"Aadhaar Card"}
[2025-09-03 18:02:23] [INFO] [::1] Processing file for document: Business Address Proof with title: Business Address Proof
[2025-09-03 18:02:23] [INFO] [::1] File details: {"name":"Anjali-Resume-V1.pdf","full_path":"Anjali-Resume-V1.pdf","type":"application\/pdf","tmp_name":"C:\\xampp\\tmp\\php5E7E.tmp","error":0,"size":189634}
[2025-09-03 18:02:23] [INFO] [::1] Temporary upload directory: ../uploads/applications
[2025-09-03 18:02:23] [INFO] [::1] Document name: Business Address Proof
[2025-09-03 18:02:23] [INFO] [::1] File uploaded successfully: {"original_name":"Anjali-Resume-V1.pdf","filename":"Anjali-Resume-V1_1756902743.pdf","size":189634,"file_path":"..\/uploads\/applications\/Anjali-Resume-V1_1756902743.pdf","file_type":"application\/pdf","file_title":"Business Address Proof"}
[2025-09-03 18:02:23] [INFO] [::1] File details inserted into database with ID: 206
[2025-09-03 18:02:23] [INFO] [::1] Uploaded file for Business Address Proof: {"original_name":"Anjali-Resume-V1.pdf","filename":"Anjali-Resume-V1_1756902743.pdf","size":189634,"file_path":"..\/uploads\/applications\/Anjali-Resume-V1_1756902743.pdf","file_type":"application\/pdf","file_title":"Business Address Proof"}
[2025-09-03 18:02:23] [INFO] [::1] Processing file for document: Bank Account Details with title: Bank Account Details
[2025-09-03 18:02:23] [INFO] [::1] File details: {"name":"Anjali-Resume-V1.pdf","full_path":"Anjali-Resume-V1.pdf","type":"application\/pdf","tmp_name":"C:\\xampp\\tmp\\php5E7F.tmp","error":0,"size":189634}
[2025-09-03 18:02:23] [INFO] [::1] Temporary upload directory: ../uploads/applications
[2025-09-03 18:02:23] [INFO] [::1] Document name: Bank Account Details
[2025-09-03 18:02:23] [INFO] [::1] File uploaded successfully: {"original_name":"Anjali-Resume-V1.pdf","filename":"Anjali-Resume-V1_1756902743.pdf","size":189634,"file_path":"..\/uploads\/applications\/Anjali-Resume-V1_1756902743.pdf","file_type":"application\/pdf","file_title":"Bank Account Details"}
[2025-09-03 18:02:23] [INFO] [::1] File details inserted into database with ID: 207
[2025-09-03 18:02:23] [INFO] [::1] Uploaded file for Bank Account Details: {"original_name":"Anjali-Resume-V1.pdf","filename":"Anjali-Resume-V1_1756902743.pdf","size":189634,"file_path":"..\/uploads\/applications\/Anjali-Resume-V1_1756902743.pdf","file_type":"application\/pdf","file_title":"Bank Account Details"}
[2025-09-03 18:02:23] [INFO] [::1] Processing file for document: Photograph with title: Photograph
[2025-09-03 18:02:23] [INFO] [::1] File details: {"name":"Anjali-Resume-V1.pdf","full_path":"Anjali-Resume-V1.pdf","type":"application\/pdf","tmp_name":"C:\\xampp\\tmp\\php5E80.tmp","error":0,"size":189634}
[2025-09-03 18:02:23] [INFO] [::1] Temporary upload directory: ../uploads/applications
[2025-09-03 18:02:23] [INFO] [::1] Document name: Photograph
[2025-09-03 18:02:23] [INFO] [::1] File uploaded successfully: {"original_name":"Anjali-Resume-V1.pdf","filename":"Anjali-Resume-V1_1756902743.pdf","size":189634,"file_path":"..\/uploads\/applications\/Anjali-Resume-V1_1756902743.pdf","file_type":"application\/pdf","file_title":"Photograph"}
[2025-09-03 18:02:23] [INFO] [::1] File details inserted into database with ID: 208
[2025-09-03 18:02:23] [INFO] [::1] Uploaded file for Photograph: {"original_name":"Anjali-Resume-V1.pdf","filename":"Anjali-Resume-V1_1756902743.pdf","size":189634,"file_path":"..\/uploads\/applications\/Anjali-Resume-V1_1756902743.pdf","file_type":"application\/pdf","file_title":"Photograph"}
[2025-09-03 18:02:23] [INFO] [::1] Successfully processed and stored uploaded files in session: {"PAN Card":{"original_name":"Anjali-Resume-V1.pdf","filename":"Anjali-Resume-V1_1756902743.pdf","size":189634,"file_path":"..\/uploads\/applications\/Anjali-Resume-V1_1756902743.pdf","file_type":"application\/pdf","file_title":"PAN Card"},"Aadhaar Card":{"original_name":"Anjali-Resume-V1.pdf","filename":"Anjali-Resume-V1_1756902743.pdf","size":189634,"file_path":"..\/uploads\/applications\/Anjali-Resume-V1_1756902743.pdf","file_type":"application\/pdf","file_title":"Aadhaar Card"},"Business Address Proof":{"original_name":"Anjali-Resume-V1.pdf","filename":"Anjali-Resume-V1_1756902743.pdf","size":189634,"file_path":"..\/uploads\/applications\/Anjali-Resume-V1_1756902743.pdf","file_type":"application\/pdf","file_title":"Business Address Proof"},"Bank Account Details":{"original_name":"Anjali-Resume-V1.pdf","filename":"Anjali-Resume-V1_1756902743.pdf","size":189634,"file_path":"..\/uploads\/applications\/Anjali-Resume-V1_1756902743.pdf","file_type":"application\/pdf","file_title":"Bank Account Details"},"Photograph":{"original_name":"Anjali-Resume-V1.pdf","filename":"Anjali-Resume-V1_1756902743.pdf","size":189634,"file_path":"..\/uploads\/applications\/Anjali-Resume-V1_1756902743.pdf","file_type":"application\/pdf","file_title":"Photograph"}}
[2025-09-03 14:32:23] [INFO] [::1] Application initialized
[2025-09-03 18:02:23] [INFO] [::1] base usr is in header: http://localhost/web_page/
[2025-09-03 19:08:07] [INFO] [::1] Application initialized
[2025-09-03 22:38:07] [INFO] [::1] base usr is in header: http://localhost/web_page/
[2025-09-03 19:08:21] [INFO] [::1] Application initialized
[2025-09-03 22:38:21] [INFO] [::1] base usr is in header: http://localhost/web_page/
[2025-09-03 19:08:26] [INFO] [::1] Application initialized
[2025-09-03 22:38:26] [INFO] [::1] base usr is in header: http://localhost/web_page/
[2025-09-03 20:05:55] [INFO] [::1] Application initialized
[2025-09-03 23:35:55] [INFO] [::1] base usr is in header: http://localhost/web_page/
[2025-09-03 20:06:49] [INFO] [::1] Application initialized
[2025-09-03 23:36:49] [INFO] [::1] base usr is in header: http://localhost/web_page/
